// Jest Snapshot v1, https://goo.gl/fbAQLP

exports[`should render Header correctly 1`] = `
<header>
  <h1>
    Expensify
  </h1>
  <div
    className="nav"
  >
    <NavLink
      activeClassName="is-active"
      exact={true}
      to="/"
    >
      首页
    </NavLink>
    <NavLink
      activeClassName="is-active"
      exact={true}
      to="/create"
    >
      添加
    </NavLink>
    <NavLink
      activeClassName="is-active"
      exact={true}
      to="/help"
    >
      帮助
    </NavLink>
  </div>
</header>
`;
